################################################################################
# $Id: opt_extra.lst 2018-01 $
#
# Project:  Prj.
# Purpose:  Make extra options.
# Author:   Weiwei Huang, 898687324@qq.com
#
################################################################################
# Copyright (c) 2018-01 ~ 2018 Weiwei Huang
#
# This program is free software; you can redistribute it and/or modify it under 
# the terms of the GNU General Public License as published by the Free Software 
# Foundation, either version 3 of the License, or (at your option) any later 
# version.
#
# This program is distributed in the hope that it will be useful, but WITHOUT 
# ANY WARRANTY; without even the implied warranty of MERCHANTABILITY or FITNESS 
# FOR A PARTICULAR PURPOSE.  See the GNU General Public License for more 
# details.
#
# You should have received a copy of the GNU General Public License along with 
# this program.  If not, see <http://www.gnu.org/licenses/>.
################################################################################

# Extra
EXTRA_DIR = $(SRC_DIR)/../extra
# GDAL
GDAL_NAME = gdal
GDAL_LAYER = core/$(GDAL_NAME)
GDAL_VERSION = 2_2_3
GDAL_INCLUDE = $(EXTRA_DIR)/$(GDAL_LAYER)/$(TARGET_OS)/$(GDAL_VERSION)/include
# GSL
GSL_NAME = gsl
GSL_LAYER = core/$(GSL_NAME)
GSL_VERSION = 2_4
GSL_INCLUDE = $(EXTRA_DIR)/$(GSL_LAYER)/$(TARGET_OS)/$(GSL_VERSION)/include
# CURL
CURL_NAME = curl
CURL_LAYER = core/$(CURL_NAME)
CURL_VERSION = 7_53
CURL_INCLUDE = $(EXTRA_DIR)/$(CURL_LAYER)/$(TARGET_OS)/$(CURL_VERSION)/include
# ERFA
ERFA_NAME = erfa
ERFA_LAYER = ctgy/$(ERFA_NAME)
ERFA_VERSION = 1_4_0
ERFA_INCLUDE = $(EXTRA_DIR)/$(ERFA_LAYER)/$(TARGET_OS)/$(ERFA_VERSION)/include
# PLPLOT
PLPLOT_NAME = plplot
PLPLOT_LAYER = core/$(PLPLOT_NAME)
PLPLOT_VERSION = 5_13_0
PLPLOT_INCLUDE = $(EXTRA_DIR)/$(PLPLOT_LAYER)/$(TARGET_OS)/$(PLPLOT_VERSION)/include
# FIREMOD
FIREMOD_NAME = firemod
FIREMOD_LAYER = ctgy/$(FIREMOD_NAME)
FIREMOD_VERSION = me
FIREMOD_INCLUDE = $(EXTRA_DIR)/$(FIREMOD_LAYER)/$(TARGET_OS)/$(FIREMOD_VERSION)/include
