################################################################################
# $Id: opt_extra.lst 2018-01 $
#
# Project:  Prj.
# Purpose:  Make extra options.
# Author:   Weiwei Huang, 898687324@qq.com
#
################################################################################
# Copyright (c) 2018-01 ~ 2018 Weiwei Huang
#
# This program is free software; you can redistribute it and/or modify it under 
# the terms of the GNU General Public License as published by the Free Software 
# Foundation, either version 3 of the License, or (at your option) any later 
# version.
#
# This program is distributed in the hope that it will be useful, but WITHOUT 
# ANY WARRANTY; without even the implied warranty of MERCHANTABILITY or FITNESS 
# FOR A PARTICULAR PURPOSE.  See the GNU General Public License for more 
# details.
#
# You should have received a copy of the GNU General Public License along with 
# this program.  If not, see <http://www.gnu.org/licenses/>.
################################################################################

# Extra
EXTRA_DIR = $(RES_DIR)/extra

# GDAL
GDAL_NAME = gdal
GDAL_LAYER = core/$(GDAL_NAME)
GDAL_VERSION = git
# GDAL_INCLUDE = $(EXTRA_DIR)/$(GDAL_LAYER)/$(TARGET_OS)/$(GDAL_VERSION)/include
GDAL_INCLUDE = $(PRJ_FUNC_SCI_LIBS_GDAL_RES_DIR)/install/$(GDAL_VERSION)/$(TARGET_OS)/include
# GSL
GSL_NAME = gsl
GSL_LAYER = core/$(GSL_NAME)
GSL_VERSION = 2_4
GSL_INCLUDE = $(EXTRA_DIR)/$(GSL_LAYER)/$(TARGET_OS)/$(GSL_VERSION)/include
# CURL
CURL_NAME = curl
CURL_LAYER = core/$(CURL_NAME)
CURL_VERSION = 7_53
CURL_INCLUDE = $(EXTRA_DIR)/$(CURL_LAYER)/$(TARGET_OS)/$(CURL_VERSION)/include/$(CURL_NAME)
# ERFA
ERFA_NAME = erfa
ERFA_LAYER = ctgy/$(ERFA_NAME)
ERFA_VERSION = 1_4_0
ERFA_INCLUDE = $(EXTRA_DIR)/$(ERFA_LAYER)/$(TARGET_OS)/$(ERFA_VERSION)/include
# PLPLOT
PLPLOT_NAME = plplot
PLPLOT_VERSION = plplot-5.13.0
PLPLOT_INCLUDE = $(PRJ_FUNC_SCI_LIBS_PLPLOT_RES_DIR)/install/$(PLPLOT_VERSION)/$(TARGET_OS)/include

# FIREMOD
FIREMOD_NAME = firemod
FIREMOD_VERSION = me
FIREMOD_INCLUDE = $(PRJ_FUNC_SCI_PHYSICS_FIREMOD_RES_DIR)/install/$(FIREMOD_VERSION)/$(TARGET_OS)/include/$(FIREMOD_NAME)

# PYQMT
PYQMT_NAME = quantized_mesh_tile
PYQMT_VERSION = 
PYQMT_INCLUDE = $(PRJ_FUNC_SCI_GEOSCIENCES_CESIUM_RES_DIR)/terrain/$(PYQMT_NAME)/install/$(PYQMT_VERSION)/$(TARGET_OS)/include/$(PYQMT_NAME)