################################################################################
# $Id: file.lst 2017-06 $
#
# Project:  C language standard library.
# Purpose:  File list.
# Author:   Weiwei Huang, 898687324@qq.com
#
################################################################################
# Copyright (c) 2016 ~ 2017 Weiwei Huang
#
# This program is free software; you can redistribute it and/or modify it under 
# the terms of the GNU General Public License as published by the Free Software 
# Foundation, either version 3 of the License, or (at your option) any later 
# version.
#
# This program is distributed in the hope that it will be useful, but WITHOUT 
# ANY WARRANTY; without even the implied warranty of MERCHANTABILITY or FITNESS 
# FOR A PARTICULAR PURPOSE.  See the GNU General Public License for more 
# details.
#
# You should have received a copy of the GNU General Public License along with 
# this program.  If not, see <http://www.gnu.org/licenses/>.
################################################################################

PRJ = cls

OBJ = \
      cls_ctl.o \
      cls_typectl.o \
      cls_stringctl.o \
      cls_stringtoken.o \
      cls_memoryctl.o \
      cls_unictl.o \
      cls_ioctl.o \
      cls_iocommonctl.o \
      cls_iostreamctl.o \
      cls_streamformat.o \
      cls_formatinput.o \
      cls_formatoutput.o \
      cls_mathctl.o \
      cls_mathexpctl.o \
      cls_mathlogctl.o \
      cls_timectl.o

HEADER = \
         cls_base.h \
         cls_ctl.hpp \
         cls_stringctl.hpp \
         cls_stringtoken.hpp \
         cls_memoryctl.hpp \
         cls_unictl.hpp \
         cls_ioctl.hpp \
         cls_iocommonctl.hpp \
         cls_iostreamctl.hpp \
         cls_streamformat.hpp \
         cls_formatinput.hpp \
         cls_formatoutput.hpp \
         cls_mathctl.hpp \
         cls_mathexpctl.hpp \
         cls_mathlogctl.hpp \
         cls_timectl.hpp