################################################################################
# $Id: dir.lst 2017-08 $
#
# Project:  Hub.
# Purpose:  Directory options.
# Author:   Weiwei Huang, 898687324@qq.com
#
################################################################################
# Copyright (c) 2016-08 ~ 2017 Weiwei Huang
#
# This program is free software; you can redistribute it and/or modify it under 
# the terms of the GNU General Public License as published by the Free Software 
# Foundation, either version 3 of the License, or (at your option) any later 
# version.
#
# This program is distributed in the hope that it will be useful, but WITHOUT 
# ANY WARRANTY; without even the implied warranty of MERCHANTABILITY or FITNESS 
# FOR A PARTICULAR PURPOSE.  See the GNU General Public License for more 
# details.
#
# You should have received a copy of the GNU General Public License along with 
# this program.  If not, see <http://www.gnu.org/licenses/>.
################################################################################

#
# Module directory.
#
# Hub directory.
HUB_DIR = $(SRC_DIR)/hub
# Base directory.
BASE_DIR = $(HUB_DIR)/base
# Core directory.
CORE_DIR = $(HUB_DIR)/core
CLS_DIR = $(CORE_DIR)/cls
CCS_DIR = $(CORE_DIR)/ccs
SYS_DIR = $(CORE_DIR)/sys
OGR_DIR = $(CORE_DIR)/ogr
GDA_DIR = ${CORE_DIR}/gda
GSL_DIR = ${CORE_DIR}/gsl
CUT_DIR = ${CORE_DIR}/cut
# Wrap directory.
WRAP_DIR = $(HUB_DIR)/wrap
UST_DIR = $(WRAP_DIR)/ust
VTR_DIR = $(WRAP_DIR)/vtr
NCC_DIR = $(WRAP_DIR)/ncc
# Ctgy directory.
CTGY_DIR = ${HUB_DIR}/ctgy
EARTH_DIR = ${CTGY_DIR}/earth
RTK_DIR = ${EARTH_DIR}/rtk
FMD_DIR = ${CTGY_DIR}/fmd
